[codelayers.net/templates/biksy/index.html]
[backblue.gif]
[fade.gif]
[index.html]
[codelayers.net/templates/biksy/images/fav-icon.ico]
[codelayers.net/templates/biksy/images/logo/logo.png]
[codelayers.net/templates/biksy/images/cart-img1.jpg]
[codelayers.net/templates/biksy/images/cart-img2.jpg]
[codelayers.net/templates/biksy/index2.html]
[codelayers.net/templates/biksy/index3.html]
[codelayers.net/templates/biksy/index4.html]
[codelayers.net/templates/biksy/index5.html]
[codelayers.net/templates/biksy/index6.html]
[codelayers.net/templates/biksy/index7.html]
[codelayers.net/templates/biksy/index8.html]
[codelayers.net/templates/biksy/index9.html]
[codelayers.net/templates/biksy/index10.html]
[codelayers.net/templates/biksy/page-about2.html]
[codelayers.net/templates/biksy/page-about1.html]
[codelayers.net/templates/biksy/page-about3.html]
[codelayers.net/templates/biksy/page-about4.html]
[codelayers.net/templates/biksy/page-about5.html]
[codelayers.net/templates/biksy/page-services1.html]
[codelayers.net/templates/biksy/page-services2.html]
[codelayers.net/templates/biksy/page-services3.html]
[codelayers.net/templates/biksy/page-services4.html]
[codelayers.net/templates/biksy/page-team-classic.html]
[codelayers.net/templates/biksy/page-team-parallax.html]
[codelayers.net/templates/biksy/page-team-dark.html]
[codelayers.net/templates/biksy/page-team-creative.html]
[codelayers.net/templates/biksy/page-faq1.html]
[codelayers.net/templates/biksy/page-faq2.html]
[codelayers.net/templates/biksy/page-contact.html]
[codelayers.net/templates/biksy/page-contact-left-sidebar.html]
[codelayers.net/templates/biksy/page-contact-map.html]
[codelayers.net/templates/biksy/page-full-width.html]
[codelayers.net/templates/biksy/page-left-sidebar.html]
[codelayers.net/templates/biksy/page-right-sidebar.html]
[codelayers.net/templates/biksy/page-packages.html]
[codelayers.net/templates/biksy/page-careers.html]
[codelayers.net/templates/biksy/page-coming-soon.html]
[codelayers.net/templates/biksy/page-sitemap.html]
[codelayers.net/templates/biksy/page-maintenance.html]
[codelayers.net/templates/biksy/page-404.html]
[codelayers.net/templates/biksy/page-404-2.html]
[codelayers.net/templates/biksy/loading-style1.html]
[codelayers.net/templates/biksy/loading-style2.html]
[codelayers.net/templates/biksy/loading-style3.html]
[codelayers.net/templates/biksy/loading-style4.html]
[codelayers.net/templates/biksy/loading-style5.html]
[codelayers.net/templates/biksy/loading-style6.html]
[codelayers.net/templates/biksy/loading-style7.html]
[codelayers.net/templates/biksy/loading-style8.html]
[codelayers.net/templates/biksy/loading-style9.html]
[codelayers.net/templates/biksy/loading-style10.html]
[codelayers.net/templates/biksy/shortcodes-videos.html]
[codelayers.net/templates/biksy/portfolio-full-width.html]
[codelayers.net/templates/biksy/portfolio-1-columns.html]
[codelayers.net/templates/biksy/portfolio-2-columns.html]
[codelayers.net/templates/biksy/portfolio-3-columns.html]
[codelayers.net/templates/biksy/portfolio-4-columns.html]
[codelayers.net/templates/biksy/portfolio-5-columns.html]
[codelayers.net/templates/biksy/portfolio-6-columns.html]
[codelayers.net/templates/biksy/portfolio-masonry.html]
[codelayers.net/templates/biksy/portfolio-masonry-projects.html]
[codelayers.net/templates/biksy/portfolio-mosaic.html]
[codelayers.net/templates/biksy/portfolio-mosaic-flat.html]
[codelayers.net/templates/biksy/portfolio-mosaic-projects.html]
[codelayers.net/templates/biksy/portfolio-slider-projects.html]
[codelayers.net/templates/biksy/portfolio-gallery.html]
[codelayers.net/templates/biksy/portfolio-classic.html]
[codelayers.net/templates/biksy/portfolio-nospace.html]
[codelayers.net/templates/biksy/portfolio-boxed-size.html]
[codelayers.net/templates/biksy/portfolio-modern.html]
[codelayers.net/templates/biksy/portfolio-parallax.html]
[codelayers.net/templates/biksy/portfolio-video.html]
[codelayers.net/templates/biksy/portfolio-left-sidebar.html]
[codelayers.net/templates/biksy/portfolio-right-sidebar.html]
[codelayers.net/templates/biksy/portfolio-carousel.html]
[codelayers.net/templates/biksy/portfolio-fullwidth-image.html]
[codelayers.net/templates/biksy/shortcodes-carousel-sliders.html]
[codelayers.net/templates/biksy/shortcodes-accordions.html]
[codelayers.net/templates/biksy/shortcodes-alerts.html]
[codelayers.net/templates/biksy/shortcodes-animations.html]
[codelayers.net/templates/biksy/shortcodes-blockquotes.html]
[codelayers.net/templates/biksy/shortcodes-breadcrumbs.html]
[codelayers.net/templates/biksy/shortcodes-buttons.html]
[codelayers.net/templates/biksy/shortcodes-call-to-action.html]
[codelayers.net/templates/biksy/shortcodes-clients-logos.html]
[codelayers.net/templates/biksy/shortcodes-counters.html]
[codelayers.net/templates/biksy/shortcodes-content-boxes.html]
[codelayers.net/templates/biksy/shortcodes-data-tables.html]
[codelayers.net/templates/biksy/shortcodes-date-pickers.html]
[codelayers.net/templates/biksy/shortcodes-dropcaps.html]
[codelayers.net/templates/biksy/shortcodes-dividers.html]
[codelayers.net/templates/biksy/shortcodes-file-uploads.html]
[codelayers.net/templates/biksy/shortcodes-forms.html]
[codelayers.net/templates/biksy/shortcodes-grids.html]
[codelayers.net/templates/biksy/shortcodes-heading-styles.html]
[codelayers.net/templates/biksy/shortcodes-hover-styles.html]
[codelayers.net/templates/biksy/shortcodes-icon-boxes.html]
[codelayers.net/templates/biksy/shortcodes-icon-circles.html]
[codelayers.net/templates/biksy/shortcodes-countdown-timers.html]
[codelayers.net/templates/biksy/shortcodes-icon-lists.html]
[codelayers.net/templates/biksy/shortcodes-images.html]
[codelayers.net/templates/biksy/shortcodes-labels-and-badges.html]
[codelayers.net/templates/biksy/shortcodes-lightbox.html]
[codelayers.net/templates/biksy/shortcodes-lists.html]
[codelayers.net/templates/biksy/shortcodes-maps.html]
[codelayers.net/templates/biksy/shortcodes-modal-popup.html]
[codelayers.net/templates/biksy/shortcodes-pagenation.html]
[codelayers.net/templates/biksy/shortcodes-parallax-backgrounds.html]
[codelayers.net/templates/biksy/shortcodes-pricing-tables.html]
[codelayers.net/templates/biksy/shortcodes-pie-charts.html]
[codelayers.net/templates/biksy/shortcodes-pricing-badges.html]
[codelayers.net/templates/biksy/shortcodes-progress-bars.html]
[codelayers.net/templates/biksy/shortcodes-process-steps.html]
[codelayers.net/templates/biksy/shortcodes-post-styles.html]
[codelayers.net/templates/biksy/shortcodes-toogle-switches.html]
[codelayers.net/templates/biksy/shortcodes-timeline.html]
[codelayers.net/templates/biksy/shortcodes-star-ratings.html]
[codelayers.net/templates/biksy/shortcodes-sections.html]
[codelayers.net/templates/biksy/shortcodes-social-icons.html]
[codelayers.net/templates/biksy/shortcodes-tabs.html]
[codelayers.net/templates/biksy/shortcodes-team.html]
[codelayers.net/templates/biksy/shortcodes-testimonials.html]
[codelayers.net/templates/biksy/shortcodes-tooltips.html]
[codelayers.net/templates/biksy/shortcodes-toogles.html]
[codelayers.net/templates/biksy/shortcodes-typography.html]
[codelayers.net/templates/biksy/blog-full-width.html]
[codelayers.net/templates/biksy/blog-left-sidebar.html]
[codelayers.net/templates/biksy/blog-3-columns.html]
[codelayers.net/templates/biksy/blog-default-author.html]
[codelayers.net/templates/biksy/blog-default-comments.html]
[codelayers.net/templates/biksy/blog-image-post.html]
[codelayers.net/templates/biksy/blog-video-post.html]
[codelayers.net/templates/biksy/shop-full-width.html]
[codelayers.net/templates/biksy/shop-left-sidebar.html]
[codelayers.net/templates/biksy/shop-3-columns.html]
[codelayers.net/templates/biksy/shop-single-full-width.html]
[codelayers.net/templates/biksy/shop-single-left-sidebar.html]
[codelayers.net/templates/biksy/images/sliders/7.jpg]
[codelayers.net/templates/biksy/images/sliders/3.jpg]
[codelayers.net/templates/biksy/images/sliders/4.jpg]
[codelayers.net/templates/biksy/images/90.jpg]
[codelayers.net/templates/biksy/images/40.png]
[codelayers.net/templates/biksy/images/41.png]
[codelayers.net/templates/biksy/images/57.jpg]
[codelayers.net/templates/biksy/images/33.jpg]
[codelayers.net/templates/biksy/images/34.jpg]
[codelayers.net/templates/biksy/images/35.jpg]
[codelayers.net/templates/biksy/images/36.jpg]
[codelayers.net/templates/biksy/images/portfolio/30.jpg]
[codelayers.net/templates/biksy/images/portfolio/25.jpg]
[codelayers.net/templates/biksy/images/portfolio/19.jpg]
[codelayers.net/templates/biksy/images/portfolio/24.jpg]
[codelayers.net/templates/biksy/images/portfolio/1.jpg]
[codelayers.net/templates/biksy/images/portfolio/26.jpg]
[codelayers.net/templates/biksy/images/portfolio/23.jpg]
[codelayers.net/templates/biksy/images/16.jpg]
[codelayers.net/templates/biksy/images/13.jpg]
[codelayers.net/templates/biksy/images/15.jpg]
[codelayers.net/templates/biksy/images/21.png]
[codelayers.net/templates/biksy/images/23.png]
[codelayers.net/templates/biksy/images/22.png]
[codelayers.net/templates/biksy/images/24.png]
[codelayers.net/templates/biksy/images/sliders/5.jpg]
[codelayers.net/templates/biksy/images/blog/2.jpg]
[codelayers.net/templates/biksy/images/blog/4.jpg]
[codelayers.net/templates/biksy/images/blog/3.jpg]
[codelayers.net/templates/biksy/images/clients/6.png]
[codelayers.net/templates/biksy/images/clients/7.png]
[codelayers.net/templates/biksy/images/clients/8.png]
[codelayers.net/templates/biksy/images/clients/9.png]
[codelayers.net/templates/biksy/images/clients/10.png]
[codelayers.net/templates/biksy/js/jquery/jquery.js]
[codelayers.net/templates/biksy/js/bootstrap/bootstrap.min.js]
[codelayers.net/templates/biksy/js/megamenu/js/main.js]
[codelayers.net/templates/biksy/js/ytplayer/jquery.mb.YTPlayer.js]
[codelayers.net/templates/biksy/js/ytplayer/elementvideo-custom.js]
[codelayers.net/templates/biksy/js/ytplayer/play-pause-btn.js]
[codelayers.net/templates/biksy/js/revolution-slider/js/jquery.themepunch.tools.min.js]
[codelayers.net/templates/biksy/js/revolution-slider/js/jquery.themepunch.revolution.min.js]
[codelayers.net/templates/biksy/js/revolution-slider/js/extensions/revolution.extension.actions.min.js]
[codelayers.net/templates/biksy/js/revolution-slider/js/extensions/revolution.extension.carousel.min.js]
[codelayers.net/templates/biksy/js/revolution-slider/js/extensions/revolution.extension.kenburn.min.js]
[codelayers.net/templates/biksy/js/revolution-slider/js/extensions/revolution.extension.layeranimation.min.js]
[codelayers.net/templates/biksy/js/revolution-slider/js/extensions/revolution.extension.migration.min.js]
[codelayers.net/templates/biksy/js/revolution-slider/js/extensions/revolution.extension.navigation.min.js]
[codelayers.net/templates/biksy/js/revolution-slider/js/extensions/revolution.extension.parallax.min.js]
[codelayers.net/templates/biksy/js/revolution-slider/js/extensions/revolution.extension.slideanims.min.js]
[codelayers.net/templates/biksy/js/revolution-slider/js/extensions/revolution.extension.video.min.js]
[codelayers.net/templates/biksy/js/parallax/parallax-background.min.js]
[codelayers.net/templates/biksy/js/tabs/js/responsive-tabs.min.js]
[codelayers.net/templates/biksy/js/cubeportfolio/jquery.cubeportfolio.min.js]
[codelayers.net/templates/biksy/js/cubeportfolio/main-mosaic3-cols3.js]
[codelayers.net/templates/biksy/js/owl-carousel/owl.carousel.js]
[codelayers.net/templates/biksy/js/owl-carousel/custom.js]
[codelayers.net/templates/biksy/js/accordion/js/smk-accordion.js]
[codelayers.net/templates/biksy/js/accordion/js/custom.js]
[codelayers.net/templates/biksy/js/progress-circle/raphael-min.js]
[codelayers.net/templates/biksy/js/progress-circle/custom.js]
[codelayers.net/templates/biksy/js/progress-circle/jQuery.circleProgressBar.js]
[codelayers.net/templates/biksy/js/functions/functions.js]
[codelayers.net/templates/biksy/index.html]
[codelayers.net/templates/biksy/js/fonts/glyphicons-halflings-regular.eot]
[codelayers.net/templates/biksy/js/fonts/glyphicons-halflings-regulard41d.eot]
[codelayers.net/templates/biksy/js/fonts/glyphicons-halflings-regular.woff2]
[codelayers.net/templates/biksy/js/fonts/glyphicons-halflings-regular.woff]
[codelayers.net/templates/biksy/js/fonts/glyphicons-halflings-regular.ttf]
[codelayers.net/templates/biksy/js/fonts/glyphicons-halflings-regular.svg]
[codelayers.net/templates/biksy/js/bootstrap/bootstrap.min.css]
[codelayers.net/templates/biksy/js/megamenu/stylesheets/screen.css]
[codelayers.net/templates/biksy/images/footer-bg/bd-1.jpg]
[codelayers.net/templates/biksy/images/footer-bg/by2-1.jpg]
[codelayers.net/templates/biksy/images/footer-bg/ch-1.jpg]
[codelayers.net/templates/biksy/images/site-img46.png]
[codelayers.net/templates/biksy/images/bg-pattrens/pattren1.jpg]
[codelayers.net/templates/biksy/images/bg-pattrens/pattren2.jpg]
[codelayers.net/templates/biksy/images/bg-pattrens/pattren3.jpg]
[codelayers.net/templates/biksy/images/bg-pattrens/pattren4.png]
[codelayers.net/templates/biksy/images/bg-pattrens/pattren4.jpg]
[codelayers.net/templates/biksy/images/bg-pattrens/pattren6.jpg]
[codelayers.net/templates/biksy/images/bg-pattrens/pattren7.jpg]
[codelayers.net/templates/biksy/images/bg-pattrens/pattren8.jpg]
[codelayers.net/templates/biksy/images/bg-pattrens/pattren9.png]
[codelayers.net/templates/biksy/images/bg-pattrens/pattren10.jpg]
[codelayers.net/templates/biksy/images/bg-pattrens/pattren11.jpg]
[codelayers.net/templates/biksy/images/bg-pattrens/pattren12.jpg]
[codelayers.net/templates/biksy/images/bg-pattrens/pattren13.jpg]
[codelayers.net/templates/biksy/images/bg-pattrens/pattren14.jpg]
[codelayers.net/templates/biksy/images/bg-pattrens/pattren15.jpg]
[codelayers.net/templates/biksy/images/bg-pattrens/pattren16.jpg]
[codelayers.net/templates/biksy/images/bg-pattrens/pattren17.jpg]
[codelayers.net/templates/biksy/images/bg-pattrens/pattren18.jpg]
[codelayers.net/templates/biksy/images/bg-pattrens/pattren19.jpg]
[codelayers.net/templates/biksy/images/bg-pattrens/pattren20.jpg]
[codelayers.net/templates/biksy/images/bg-pattrens/pattren21.jpg]
[codelayers.net/templates/biksy/images/bg-pattrens/pattren22.jpg]
[codelayers.net/templates/biksy/images/bg-pattrens/pattren23.jpg]
[codelayers.net/templates/biksy/images/bg-pattrens/pattren24.jpg]
[codelayers.net/templates/biksy/images/bg-pattrens/pattren25.jpg]
[codelayers.net/templates/biksy/images/bg-pattrens/pattren26.jpg]
[codelayers.net/templates/biksy/images/bg-pattrens/pattren27.jpg]
[codelayers.net/templates/biksy/images/bg-pattrens/pattren28.jpg]
[codelayers.net/templates/biksy/images/bg-pattrens/pattren29.jpg]
[codelayers.net/templates/biksy/images/bg-pattrens/pattren30.png]
[codelayers.net/templates/biksy/images/bg-pattrens/pattren31.png]
[codelayers.net/templates/biksy/images/bg-pattrens/pattren32.png]
[codelayers.net/templates/biksy/images/31.jpg]
[codelayers.net/templates/biksy/images/bg-pattrens/pattren5.jpg]
[codelayers.net/templates/biksy/images/scroll-top-arrow.png]
[codelayers.net/templates/biksy/css/theme-default.css]
[codelayers.net/templates/biksy/js/loaders/stylesheets/screen.css]
[codelayers.net/templates/biksy/css/corporate.css]
[codelayers.net/templates/biksy/fonts/font-awesome/fonts/fontawesome-webfont9efe.eot]
[codelayers.net/templates/biksy/fonts/font-awesome/fonts/fontawesome-webfontd41d.eot]
[codelayers.net/templates/biksy/fonts/font-awesome/fonts/fontawesome-webfont9efe.woff2]
[codelayers.net/templates/biksy/fonts/font-awesome/fonts/fontawesome-webfont9efe.woff]
[codelayers.net/templates/biksy/fonts/font-awesome/fonts/fontawesome-webfont9efe.ttf]
[codelayers.net/templates/biksy/fonts/font-awesome/css/font-awesome.min.css]
[codelayers.net/templates/biksy/fonts/Simple-Line-Icons-Webfont/fonts/Simple-Line-Icons.eot]
[codelayers.net/templates/biksy/fonts/Simple-Line-Icons-Webfont/fonts/Simple-Line-Iconsd41d.eot]
[codelayers.net/templates/biksy/fonts/Simple-Line-Icons-Webfont/fonts/Simple-Line-Icons.woff]
[codelayers.net/templates/biksy/fonts/Simple-Line-Icons-Webfont/fonts/Simple-Line-Icons.ttf]
[codelayers.net/templates/biksy/fonts/Simple-Line-Icons-Webfont/simple-line-icons.css]
[codelayers.net/templates/biksy/fonts/et-line-font/fonts/et-line.eot]
[codelayers.net/templates/biksy/fonts/et-line-font/fonts/et-lined41d.eot]
[codelayers.net/templates/biksy/fonts/et-line-font/fonts/et-line.woff]
[codelayers.net/templates/biksy/fonts/et-line-font/fonts/et-line.ttf]
[codelayers.net/templates/biksy/fonts/et-line-font/et-line-font.css]
[codelayers.net/templates/biksy/js/revolution-slider/fonts/revicons/revicons90c6.eot]
[codelayers.net/templates/biksy/js/revolution-slider/fonts/revicons/revicons90c6.woff]
[codelayers.net/templates/biksy/js/revolution-slider/fonts/revicons/revicons90c6.ttf]
[codelayers.net/templates/biksy/js/revolution-slider/assets/gridtile.png]
[codelayers.net/templates/biksy/js/revolution-slider/assets/gridtile_white.png]
[codelayers.net/templates/biksy/js/revolution-slider/assets/gridtile_3x3.png]
[codelayers.net/templates/biksy/js/revolution-slider/assets/gridtile_3x3_white.png]
[codelayers.net/templates/biksy/js/revolution-slider/assets/coloredbg.png]
[codelayers.net/templates/biksy/js/revolution-slider/assets/loader.gif]
[codelayers.net/templates/biksy/js/revolution-slider/css/settings.css]
[codelayers.net/templates/biksy/js/revolution-slider/css/layers.css]
[codelayers.net/templates/biksy/js/revolution-slider/css/navigation.css]
[codelayers.net/templates/biksy/js/parallax/main.css]
[codelayers.net/templates/biksy/js/cubeportfolio/cbp-sprite.png]
[codelayers.net/templates/biksy/js/cubeportfolio/cubeportfolio.min.css]
[codelayers.net/templates/biksy/js/owl-carousel/grabbing.png]
[codelayers.net/templates/biksy/js/owl-carousel/AjaxLoader.gif]
[codelayers.net/templates/biksy/js/owl-carousel/owl.carousel.css]
[codelayers.net/templates/biksy/js/owl-carousel/arrow-up.png]
[codelayers.net/templates/biksy/js/owl-carousel/arrow-down.png]
[codelayers.net/templates/biksy/js/owl-carousel/prev-arrow.png]
[codelayers.net/templates/biksy/js/owl-carousel/next-arrow.png]
[codelayers.net/templates/biksy/js/owl-carousel/prev-arrow2.png]
[codelayers.net/templates/biksy/js/owl-carousel/next-arrow2.png]
[codelayers.net/templates/biksy/js/owl-carousel/prev-arrow3.png]
[codelayers.net/templates/biksy/js/owl-carousel/next-arrow3.png]
[codelayers.net/templates/biksy/js/owl-carousel/prev-arrow4.png]
[codelayers.net/templates/biksy/js/owl-carousel/next-arrow4.png]
[codelayers.net/templates/biksy/js/owl-carousel/owl.theme.css]
[codelayers.net/templates/biksy/js/tabs/css/responsive-tabs.css]
[codelayers.net/templates/biksy/fonts/pe-icon-7-stroke/fonts/Pe-icon-7-strokebb1d.eot]
[codelayers.net/templates/biksy/fonts/pe-icon-7-stroke/fonts/Pe-icon-7-stroked41d.eot]
[codelayers.net/templates/biksy/fonts/pe-icon-7-stroke/fonts/Pe-icon-7-strokebb1d.woff]
[codelayers.net/templates/biksy/fonts/pe-icon-7-stroke/fonts/Pe-icon-7-strokebb1d.ttf]
[codelayers.net/templates/biksy/fonts/pe-icon-7-stroke/css/pe-icon-7-stroke.css]
[codelayers.net/templates/biksy/images/poster2.jpg]
[codelayers.net/templates/biksy/images/poster1.138.delayed]
[codelayers.net/templates/biksy/js/ytplayer/ytplayer.css]
[codelayers.net/templates/biksy/js/accordion/css/plusminus.png]
[codelayers.net/templates/biksy/js/accordion/css/plusminus3.png]
[codelayers.net/templates/biksy/js/accordion/css/plusminus4.png]
[codelayers.net/templates/biksy/js/accordion/css/smk-accordion.css]
[codelayers.net/templates/biksy/images/sliders/9.jpg]
[codelayers.net/templates/biksy/images/sliders/10.jpg]
[codelayers.net/templates/biksy/images/17.jpg]
[codelayers.net/templates/biksy/images/18.jpg]
[codelayers.net/templates/biksy/images/19.jpg]
[codelayers.net/templates/biksy/images/20.jpg]
[codelayers.net/templates/biksy/images/29.jpg]
[codelayers.net/templates/biksy/images/4.jpg]
[codelayers.net/templates/biksy/images/5.jpg]
[codelayers.net/templates/biksy/images/6.jpg]
[codelayers.net/templates/biksy/images/7.jpg]
[codelayers.net/templates/biksy/images/blog/1.jpg]
[codelayers.net/templates/biksy/index2.html]
[codelayers.net/templates/biksy/images/logo/logo-dark.png]
[codelayers.net/templates/biksy/images/sliders/11.jpg]
[codelayers.net/templates/biksy/images/sliders/13.jpg]
[codelayers.net/templates/biksy/images/sliders/12.jpg]
[codelayers.net/templates/biksy/images/3.jpg]
[codelayers.net/templates/biksy/images/8.jpg]
[codelayers.net/templates/biksy/images/9.jpg]
[codelayers.net/templates/biksy/images/10.jpg]
[codelayers.net/templates/biksy/js/jFlickrFeed/jflickrfeed.min.js]
[codelayers.net/templates/biksy/index3.html]
[codelayers.net/templates/biksy/images/sliders/1.jpg]
[codelayers.net/templates/biksy/images/sliders/8.jpg]
[codelayers.net/templates/biksy/images/11.jpg]
[codelayers.net/templates/biksy/images/46.png]
[codelayers.net/templates/biksy/images/42.jpg]
[codelayers.net/templates/biksy/images/43.jpg]
[codelayers.net/templates/biksy/images/44.jpg]
[codelayers.net/templates/biksy/images/45.jpg]
[codelayers.net/templates/biksy/images/12.jpg]
[codelayers.net/templates/biksy/index4.html]
[codelayers.net/templates/biksy/images/sliders/2.jpg]
[codelayers.net/templates/biksy/index5.html]
[codelayers.net/templates/biksy/images/54.png]
[codelayers.net/templates/biksy/images/48.jpg]
[codelayers.net/templates/biksy/images/49.jpg]
[codelayers.net/templates/biksy/images/50.jpg]
[codelayers.net/templates/biksy/images/51.jpg]
[codelayers.net/templates/biksy/images/52.jpg]
[codelayers.net/templates/biksy/images/fp-1.jpg]
[codelayers.net/templates/biksy/images/fp-2.jpg]
[codelayers.net/templates/biksy/index6.html]
[codelayers.net/templates/biksy/images/55.png]
[codelayers.net/templates/biksy/images/53.png]
[codelayers.net/templates/biksy/images/56.jpg]
[codelayers.net/templates/biksy/images/58.jpg]
[codelayers.net/templates/biksy/images/59.jpg]
[codelayers.net/templates/biksy/images/60.jpg]
[codelayers.net/templates/biksy/index7.html]
[codelayers.net/templates/biksy/images/61.jpg]
[codelayers.net/templates/biksy/js/cubeportfolio/mosaic-flat.js]
[codelayers.net/templates/biksy/index8.html]
[codelayers.net/templates/biksy/images/30.jpg]
[codelayers.net/templates/biksy/index9.html]
[codelayers.net/templates/biksy/images/62.jpg]
[codelayers.net/templates/biksy/images/63.jpg]
[codelayers.net/templates/biksy/images/64.jpg]
[codelayers.net/templates/biksy/images/81.png]
[codelayers.net/templates/biksy/index10.html]
[codelayers.net/templates/biksy/index-barber.html]
[codelayers.net/templates/biksy/index-creative.html]
[codelayers.net/templates/biksy/index-realestate.html]
[codelayers.net/templates/biksy/index-toys.html]
[codelayers.net/templates/biksy/index-bakery.html]
[codelayers.net/templates/biksy/index-agro.html]
[codelayers.net/templates/biksy/index-icecream.html]
[codelayers.net/templates/biksy/onepage-corporate.html]
[codelayers.net/templates/biksy/onepage-leftsidebar.html]
[codelayers.net/templates/biksy/index-corporate4.html]
[codelayers.net/templates/biksy/index-fashion.html]
[codelayers.net/templates/biksy/index-beauty.html]
[codelayers.net/templates/biksy/index-corporate7.html]
[codelayers.net/templates/biksy/index-pro-landing.html]
[codelayers.net/templates/biksy/index-band.html]
[codelayers.net/templates/biksy/index-cosmetics.html]
[codelayers.net/templates/biksy/images/header-inner-1.jpg]
[codelayers.net/templates/biksy/page-about2.html]
[codelayers.net/templates/biksy/shop-right-sidebar.html]
[codelayers.net/templates/biksy/shop-2-columns.html]
[codelayers.net/templates/biksy/shop-4-columns.html]
[codelayers.net/templates/biksy/shop-5-columns.html]
[codelayers.net/templates/biksy/shop-6-columns.html]
[codelayers.net/templates/biksy/shop-single-right-sidebar.html]
[codelayers.net/templates/biksy/shop-single-both-sidebar.html]
[codelayers.net/templates/biksy/shop-cart.html]
[codelayers.net/templates/biksy/shop-checkout.html]
[codelayers.net/templates/biksy/shop-wishlist.html]
[codelayers.net/templates/biksy/page-about1.html]
[codelayers.net/templates/biksy/images/p2.jpg]
[codelayers.net/templates/biksy/images/p1.jpg]
[codelayers.net/templates/biksy/page-about3.html]
[codelayers.net/templates/biksy/page-about4.html]
[codelayers.net/templates/biksy/images/65.jpg]
[codelayers.net/templates/biksy/page-about5.html]
[codelayers.net/templates/biksy/page-services1.html]
[codelayers.net/templates/biksy/page-services2.html]
[codelayers.net/templates/biksy/page-services3.html]
[codelayers.net/templates/biksy/page-services4.html]
[codelayers.net/templates/biksy/page-team-classic.html]
[codelayers.net/templates/biksy/css/hairsaloon.css]
[codelayers.net/templates/biksy/blog-right-sidebar.html]
[codelayers.net/templates/biksy/blog-1-columns.html]
[codelayers.net/templates/biksy/blog-2-columns.html]
[codelayers.net/templates/biksy/blog-4-columns.html]
[codelayers.net/templates/biksy/blog-5-columns.html]
[codelayers.net/templates/biksy/blog-6-columns.html]
[codelayers.net/templates/biksy/blog-default-full-width.html]
[codelayers.net/templates/biksy/blog-default-left-sidebar.html]
[codelayers.net/templates/biksy/blog-default-right-sidebar.html]
[codelayers.net/templates/biksy/blog-full-width-thumbnail.html]
[codelayers.net/templates/biksy/blog-left-sidebar-thumbnail.html]
[codelayers.net/templates/biksy/blog-right-sidebar-thumbnail.html]
[codelayers.net/templates/biksy/blog-author-thumbnail.html]
[codelayers.net/templates/biksy/blog-comments-thumbnail.html]
[codelayers.net/templates/biksy/blog-gallery-post.html]
[codelayers.net/templates/biksy/blog-sidebar-post.html]
[codelayers.net/templates/biksy/page-team-parallax.html]
[codelayers.net/templates/biksy/page-team-dark.html]
[codelayers.net/templates/biksy/css/band.css]
[codelayers.net/templates/biksy/css/barber.css]
[codelayers.net/templates/biksy/images/logo/logo-circle.png]
[codelayers.net/templates/biksy/images/p8.png]
[codelayers.net/templates/biksy/images/p9.png]
[codelayers.net/templates/biksy/images/p10.png]
[codelayers.net/templates/biksy/page-team-creative.html]
[codelayers.net/templates/biksy/images/p16.jpg]
[codelayers.net/templates/biksy/images/p17.jpg]
[codelayers.net/templates/biksy/images/p18.jpg]
[codelayers.net/templates/biksy/images/p11.jpg]
[codelayers.net/templates/biksy/images/p12.jpg]
[codelayers.net/templates/biksy/images/p13.jpg]
[codelayers.net/templates/biksy/images/p14.jpg]
[codelayers.net/templates/biksy/images/p15.jpg]
[codelayers.net/templates/biksy/js/accordion/js/accordion.js]
[codelayers.net/templates/biksy/page-faq1.html]
[codelayers.net/templates/biksy/index-faq2.html]
[codelayers.net/templates/biksy/page-faq2.html]
[codelayers.net/templates/biksy/js/gmaps/jquery.gmap.min.js]
[codelayers.net/templates/biksy/js/gmaps/examples.js]
[codelayers.net/templates/biksy/js/cform/form-validate.js]
[codelayers.net/templates/biksy/page-contact.html]
[codelayers.net/templates/biksy/page-contact-left-sidebar.html]
[codelayers.net/templates/biksy/page-contact-map.html]
[codelayers.net/templates/biksy/images/p3.jpg]
[codelayers.net/templates/biksy/page-full-width.html]
[codelayers.net/templates/biksy/images/66.jpg]
[codelayers.net/templates/biksy/page-left-sidebar.html]
[codelayers.net/templates/biksy/page-right-sidebar.html]
[codelayers.net/templates/biksy/page-packages.html]
[codelayers.net/templates/biksy/page-careers.html]
[codelayers.net/templates/biksy/js/countdown-timers/countdown/jquery.countdown.js]
[codelayers.net/templates/biksy/page-coming-soon.html]
[codelayers.net/templates/biksy/page-sitemap.html]
[codelayers.net/templates/biksy/page-maintenance.html]
[codelayers.net/templates/biksy/page-404.html]
[codelayers.net/templates/biksy/page-404-2.html]
[codelayers.net/templates/biksy/loading-style1.html]
[codelayers.net/templates/biksy/loading-style2.html]
[codelayers.net/templates/biksy/loading-style3.html]
[codelayers.net/templates/biksy/loading-style4.html]
[codelayers.net/templates/biksy/loading-style5.html]
[codelayers.net/templates/biksy/loading-style6.html]
[codelayers.net/templates/biksy/loading-style7.html]
[codelayers.net/templates/biksy/loading-style8.html]
[codelayers.net/templates/biksy/loading-style9.html]
[codelayers.net/templates/biksy/loading-style10.html]
[maxcdn.bootstrapcdn.com/font-awesome/4.4.0/css/font-awesome.min.css]
[maxcdn.bootstrapcdn.com/bootstrap/3.3.6/css/bootstrap.min.css]
[codelayers.net/templates/biksy/images/shortcodes/poster-1.jpg]
[codelayers.net/templates/biksy/images/cs-14.jpg]
[codelayers.net/templates/biksy/shortcodes-videos.html]
[codelayers.net/templates/biksy/images/portfolio/ce3-3.jpg]
[codelayers.net/templates/biksy/images/portfolio/ce3-1.jpg]
[codelayers.net/templates/biksy/images/portfolio/ce3-2.jpg]
[codelayers.net/templates/biksy/images/portfolio/ce3-4.jpg]
[codelayers.net/templates/biksy/images/portfolio/ce3-6.jpg]
[codelayers.net/templates/biksy/images/portfolio/ce3-5.jpg]
[codelayers.net/templates/biksy/images/portfolio/ce3-7.jpg]
[codelayers.net/templates/biksy/images/portfolio/ce3-8.jpg]
[codelayers.net/templates/biksy/js/cubeportfolio/main-mosaic3.js]
[codelayers.net/templates/biksy/portfolio-full-width.html]
[codelayers.net/templates/biksy/js/cubeportfolio/ajax-juicy-projects/project1.html]
[codelayers.net/templates/biksy/js/cubeportfolio/cols-2.js]
[codelayers.net/templates/biksy/portfolio-1-columns.html]
[codelayers.net/templates/biksy/portfolio-2-columns.html]
[codelayers.net/templates/biksy/js/cubeportfolio/cols-3.js]
[codelayers.net/templates/biksy/portfolio-3-columns.html]
[codelayers.net/templates/biksy/images/portfolio/ce3-67.jpg]
[codelayers.net/templates/biksy/js/cubeportfolio/cols-4.js]
[codelayers.net/templates/biksy/portfolio-4-columns.html]
[codelayers.net/templates/biksy/js/cubeportfolio/cols-5.js]
[codelayers.net/templates/biksy/portfolio-5-columns.html]
[codelayers.net/templates/biksy/js/cubeportfolio/cols-6.js]
[codelayers.net/templates/biksy/portfolio-6-columns.html]
[codelayers.net/templates/biksy/images/portfolio/2.jpg]
[codelayers.net/templates/biksy/images/portfolio/masonry-big1.jpg]
[codelayers.net/templates/biksy/images/portfolio/3.jpg]
[codelayers.net/templates/biksy/images/portfolio/masonry-sm1.jpg]
[codelayers.net/templates/biksy/images/portfolio/4.jpg]
[codelayers.net/templates/biksy/images/portfolio/masonry-sm2.jpg]
[codelayers.net/templates/biksy/images/portfolio/6.jpg]
[codelayers.net/templates/biksy/images/portfolio/masonry-big2.jpg]
[codelayers.net/templates/biksy/images/portfolio/7.jpg]
[codelayers.net/templates/biksy/images/portfolio/masonry-big3.jpg]
[codelayers.net/templates/biksy/images/portfolio/12.jpg]
[codelayers.net/templates/biksy/images/portfolio/masonry-sm3.jpg]
[codelayers.net/templates/biksy/images/portfolio/8.jpg]
[codelayers.net/templates/biksy/images/portfolio/masonry-sm4.jpg]
[codelayers.net/templates/biksy/images/portfolio/masonry-sm5.jpg]
[codelayers.net/templates/biksy/images/portfolio/masonry-big4.jpg]
[codelayers.net/templates/biksy/images/portfolio/masonry-sm6.jpg]
[codelayers.net/templates/biksy/images/portfolio/9.jpg]
[codelayers.net/templates/biksy/images/portfolio/masonry-sm7.jpg]
[codelayers.net/templates/biksy/images/portfolio/10.jpg]
[codelayers.net/templates/biksy/images/portfolio/masonry-sm8.jpg]
[codelayers.net/templates/biksy/js/cubeportfolio/masonry.js]
[codelayers.net/templates/biksy/portfolio-masonry.html]
[codelayers.net/templates/biksy/js/cubeportfolio/ajax-masonry-projects/project1.html]
[codelayers.net/templates/biksy/ajax-masonry-projects/project1.html]
[codelayers.net/templates/biksy/ajax-masonry-projects/project2.html]
[codelayers.net/templates/biksy/ajax-masonry-projects/project3.html]
[codelayers.net/templates/biksy/ajax-masonry-projects/project4.html]
[codelayers.net/templates/biksy/ajax-masonry-projects/project5.html]
[codelayers.net/templates/biksy/ajax-masonry-projects/project6.html]
[codelayers.net/templates/biksy/ajax-masonry-projects/project7.html]
[codelayers.net/templates/biksy/ajax-masonry-projects/project8.html]
[codelayers.net/templates/biksy/images/portfolio/5.jpg]
[codelayers.net/templates/biksy/ajax-masonry-projects/project9.html]
[codelayers.net/templates/biksy/ajax-masonry-projects/project10.html]
[codelayers.net/templates/biksy/ajax-masonry-projects/project11.html]
[codelayers.net/templates/biksy/ajax-masonry-projects/project12.html]
[codelayers.net/templates/biksy/js/cubeportfolio/masonry-projects.js]
[codelayers.net/templates/biksy/portfolio-masonry-projects.html]
[codelayers.net/templates/biksy/images/portfolio/mosaic-sm1.jpg]
[codelayers.net/templates/biksy/images/portfolio/mosaic-sm2.jpg]
[codelayers.net/templates/biksy/images/portfolio/mosaic-big1.jpg]
[codelayers.net/templates/biksy/images/portfolio/mosaic-big2.jpg]
[codelayers.net/templates/biksy/images/portfolio/mosaic-sm3.jpg]
[codelayers.net/templates/biksy/images/portfolio/mosaic-sm4.jpg]
[codelayers.net/templates/biksy/images/portfolio/mosaic-sm5.jpg]
[codelayers.net/templates/biksy/images/portfolio/mosaic-big3.jpg]
[codelayers.net/templates/biksy/images/portfolio/mosaic-sm6.jpg]
[codelayers.net/templates/biksy/images/portfolio/11.jpg]
[codelayers.net/templates/biksy/images/portfolio/mosaic-sm7.jpg]
[codelayers.net/templates/biksy/images/portfolio/mosaic-sm8.jpg]
[codelayers.net/templates/biksy/js/cubeportfolio/mosaic.js]
[codelayers.net/templates/biksy/portfolio-mosaic.html]
[codelayers.net/templates/biksy/images/portfolio/mosaic-flat-sm1.jpg]
[codelayers.net/templates/biksy/images/portfolio/mosaic-flat-sm2.jpg]
[codelayers.net/templates/biksy/images/portfolio/mosaic-flat-mbig1.jpg]
[codelayers.net/templates/biksy/images/portfolio/mosaic-flat-big1.jpg]
[codelayers.net/templates/biksy/images/portfolio/mosaic-flat-mbig2.jpg]
[codelayers.net/templates/biksy/images/portfolio/mosaic-flat-big2.jpg]
[codelayers.net/templates/biksy/images/portfolio/mosaic-flat-sm3.jpg]
[codelayers.net/templates/biksy/images/portfolio/mosaic-flat-sm4.jpg]
[codelayers.net/templates/biksy/portfolio-mosaic-flat.html]
[codelayers.net/templates/biksy/images/portfolio/mosaic-pr-sm1.jpg]
[codelayers.net/templates/biksy/images/portfolio/mosaic-pr-sm2.jpg]
[codelayers.net/templates/biksy/images/portfolio/mosaic-pr-big1.jpg]
[codelayers.net/templates/biksy/images/portfolio/mosaic-pr-big2.jpg]
[codelayers.net/templates/biksy/images/portfolio/mosaic-pr-sm3.jpg]
[codelayers.net/templates/biksy/images/portfolio/mosaic-pr-sm4.jpg]
[codelayers.net/templates/biksy/images/portfolio/mosaic-pr-sm5.jpg]
[codelayers.net/templates/biksy/images/portfolio/mosaic-pr-sm6.jpg]
[codelayers.net/templates/biksy/images/portfolio/mosaic-pr-sm7.jpg]
[codelayers.net/templates/biksy/images/portfolio/mosaic-pr-sm8.jpg]
[codelayers.net/templates/biksy/js/cubeportfolio/mosaic-projects.js]
[codelayers.net/templates/biksy/portfolio-mosaic-projects.html]
[codelayers.net/templates/biksy/js/cubeportfolio/slider-projects.js]
[codelayers.net/templates/biksy/portfolio-slider-projects.html]
[codelayers.net/templates/biksy/js/cubeportfolio/ajax-lightbox-gallery/project1.html]
[codelayers.net/templates/biksy/js/cubeportfolio/ajax-lightbox-gallery/loadMore.html]
[codelayers.net/templates/biksy/js/cubeportfolio/lightbox-gallery.js]
[codelayers.net/templates/biksy/portfolio-gallery.html]
[codelayers.net/templates/biksy/portfolio-classic.html]
[codelayers.net/templates/biksy/portfolio-nospace.html]
[codelayers.net/templates/biksy/portfolio-boxed-size.html]
[codelayers.net/templates/biksy/js/cubeportfolio/main.js]
[codelayers.net/templates/biksy/portfolio-modern.html]
[codelayers.net/templates/biksy/images/portfolio/13.jpg]
[codelayers.net/templates/biksy/portfolio-parallax.html]
[codelayers.net/templates/biksy/portfolio-video.html]
[codelayers.net/templates/biksy/portfolio-left-sidebar.html]
[codelayers.net/templates/biksy/portfolio-right-sidebar.html]
[codelayers.net/templates/biksy/images/portfolio/14.jpg]
[codelayers.net/templates/biksy/images/portfolio/15.jpg]
[codelayers.net/templates/biksy/portfolio-carousel.html]
[codelayers.net/templates/biksy/portfolio-fullwidth-image.html]
[codelayers.net/templates/biksy/images/shortcodes/30.jpg]
[codelayers.net/templates/biksy/images/shortcodes/31.jpg]
[codelayers.net/templates/biksy/images/shortcodes/32.jpg]
[codelayers.net/templates/biksy/images/shortcodes/33.jpg]
[codelayers.net/templates/biksy/images/shortcodes/34.jpg]
[codelayers.net/templates/biksy/images/shortcodes/35.jpg]
[codelayers.net/templates/biksy/images/shortcodes/36.jpg]
[codelayers.net/templates/biksy/images/shortcodes/37.jpg]
[codelayers.net/templates/biksy/images/shortcodes/38.jpg]
[codelayers.net/templates/biksy/images/shortcodes/39.jpg]
[codelayers.net/templates/biksy/images/shortcodes/40.jpg]
[codelayers.net/templates/biksy/images/shortcodes/41.jpg]
[codelayers.net/templates/biksy/images/shortcodes/42.jpg]
[codelayers.net/templates/biksy/images/shortcodes/43.jpg]
[codelayers.net/templates/biksy/images/shortcodes/44.jpg]
[codelayers.net/templates/biksy/images/shortcodes/45.jpg]
[codelayers.net/templates/biksy/images/shortcodes/46.jpg]
[codelayers.net/templates/biksy/shortcodes-carousel-sliders.html]
[codelayers.net/templates/biksy/shortcodes-accordions.html]
[codelayers.net/templates/biksy/shortcodes-alerts.html]
[codelayers.net/templates/biksy/images/shortcodes/29.jpg]
[codelayers.net/templates/biksy/js/animations/js/animations.min.js]
[codelayers.net/templates/biksy/js/animations/js/appear.min.js]
[codelayers.net/templates/biksy/shortcodes-animations.html]
[codelayers.net/templates/biksy/shortcodes-blockquotes.html]
[codelayers.net/templates/biksy/shortcodes-breadcrumbs.html]
[codelayers.net/templates/biksy/shortcodes-buttons.html]
[codelayers.net/templates/biksy/shortcodes-call-to-action.html]
[codelayers.net/templates/biksy/images/shortcodes/1.png]
[codelayers.net/templates/biksy/images/shortcodes/3.png]
[codelayers.net/templates/biksy/images/shortcodes/4.png]
[codelayers.net/templates/biksy/images/shortcodes/5.png]
[codelayers.net/templates/biksy/images/shortcodes/6.png]
[codelayers.net/templates/biksy/images/shortcodes/2.png]
[codelayers.net/templates/biksy/images/shortcodes/7.png]
[codelayers.net/templates/biksy/images/shortcodes/8.png]
[codelayers.net/templates/biksy/images/shortcodes/10.png]
[codelayers.net/templates/biksy/images/shortcodes/9.png]
[codelayers.net/templates/biksy/images/shortcodes/11.png]
[codelayers.net/templates/biksy/images/shortcodes/12.png]
[codelayers.net/templates/biksy/images/shortcodes/13.png]
[codelayers.net/templates/biksy/images/shortcodes/14.png]
[codelayers.net/templates/biksy/images/shortcodes/15.png]
[codelayers.net/templates/biksy/images/shortcodes/16.png]
[codelayers.net/templates/biksy/images/shortcodes/17.png]
[codelayers.net/templates/biksy/images/shortcodes/18.png]
[codelayers.net/templates/biksy/images/shortcodes/24.png]
[codelayers.net/templates/biksy/images/shortcodes/23.png]
[codelayers.net/templates/biksy/images/shortcodes/19.png]
[codelayers.net/templates/biksy/images/shortcodes/20.png]
[codelayers.net/templates/biksy/shortcodes-clients-logos.html]
[cdnjs.cloudflare.com/ajax/libs/waypoints/2.0.3/waypoints.min.js]
[codelayers.net/templates/biksy/js/counterup/jquery.counterup.min.js]
[codelayers.net/templates/biksy/shortcodes-counters.html]
[codelayers.net/templates/biksy/shortcodes-content-boxes.html]
[codelayers.net/templates/biksy/shortcodes-data-tables.html]
[codelayers.net/templates/biksy/js/datepicker/moment.js]
[codelayers.net/templates/biksy/js/datepicker/bootstrap-datetimepicker.js]
[codelayers.net/templates/biksy/shortcodes-date-pickers.html]
[codelayers.net/templates/biksy/shortcodes-dropcaps.html]
[codelayers.net/templates/biksy/shortcodes-dividers.html]
[codelayers.net/templates/biksy/js/file-upload/fileinput.js]
[codelayers.net/templates/biksy/js/file-upload/fr.js]
[codelayers.net/templates/biksy/js/file-upload/es.js]
[codelayers.net/templates/biksy/shortcodes-file-uploads.html]
[codelayers.net/templates/biksy/shortcodes-forms.html]
[codelayers.net/templates/biksy/shortcodes-grids.html]
[codelayers.net/templates/biksy/shortcodes-heading-styles.html]
[codelayers.net/templates/biksy/images/shortcodes/25.jpg]
[codelayers.net/templates/biksy/images/shortcodes/26.jpg]
[codelayers.net/templates/biksy/images/shortcodes/27.jpg]
[codelayers.net/templates/biksy/images/shortcodes/28.jpg]
[codelayers.net/templates/biksy/shortcodes-hover-styles.html]
[codelayers.net/templates/biksy/shortcodes-icon-boxes.html]
[codelayers.net/templates/biksy/shortcodes-icon-circles.html]
[codelayers.net/templates/biksy/shortcodes-countdown-timers.html]
[codelayers.net/templates/biksy/shortcodes-icon-lists.html]
[codelayers.net/templates/biksy/images/shortcodes/48.jpg]
[codelayers.net/templates/biksy/images/shortcodes/49.jpg]
[codelayers.net/templates/biksy/images/shortcodes/52.jpg]
[codelayers.net/templates/biksy/images/shortcodes/53.jpg]
[codelayers.net/templates/biksy/shortcodes-images.html]
[codelayers.net/templates/biksy/shortcodes-labels-and-badges.html]
[codelayers.net/templates/biksy/images/shortcodes/92.jpg]
[codelayers.net/templates/biksy/images/shortcodes/93.jpg]
[codelayers.net/templates/biksy/images/shortcodes/94.jpg]
[codelayers.net/templates/biksy/js/magnific-popup/jquery.magnific-popup.js]
[codelayers.net/templates/biksy/shortcodes-lightbox.html]
[codelayers.net/templates/biksy/shortcodes-lists.html]
[codelayers.net/templates/biksy/shortcodes-maps.html]
[codelayers.net/templates/biksy/images/38.jpg]
[codelayers.net/templates/biksy/js/switches/bootstrap-switch.js]
[codelayers.net/templates/biksy/shortcodes-modal-popup.html]
[codelayers.net/templates/biksy/shortcodes-pagenation.html]
[codelayers.net/templates/biksy/js/parallax/style.css]
[codelayers.net/templates/biksy/shortcodes-parallax-backgrounds.html]
[codelayers.net/templates/biksy/shortcodes-pricing-tables.html]
[codelayers.net/templates/biksy/js/pie-charts/line-chart/style.css]
[codelayers.net/templates/biksy/js/pie-charts/line-chart/jquery.pista.js]
[codelayers.net/templates/biksy/js/pie-charts/chart/chart.js]
[codelayers.net/templates/biksy/shortcodes-pie-charts.html]
[codelayers.net/templates/biksy/images/shortcodes/54.jpg]
[codelayers.net/templates/biksy/images/shortcodes/55.jpg]
[codelayers.net/templates/biksy/images/shortcodes/56.jpg]
[codelayers.net/templates/biksy/images/shortcodes/57.jpg]
[codelayers.net/templates/biksy/images/shortcodes/58.jpg]
[codelayers.net/templates/biksy/images/shortcodes/59.jpg]
[codelayers.net/templates/biksy/shortcodes-pricing-badges.html]
[codelayers.net/templates/biksy/shortcodes-progress-bars.html]
[codelayers.net/templates/biksy/shortcodes-process-steps.html]
[codelayers.net/templates/biksy/images/shortcodes/66.jpg]
[codelayers.net/templates/biksy/images/shortcodes/67.jpg]
[codelayers.net/templates/biksy/images/shortcodes/68.jpg]
[codelayers.net/templates/biksy/images/shortcodes/69.jpg]
[codelayers.net/templates/biksy/images/shortcodes/70.jpg]
[codelayers.net/templates/biksy/images/shortcodes/71.jpg]
[codelayers.net/templates/biksy/images/shortcodes/72.jpg]
[codelayers.net/templates/biksy/shortcodes-post-styles.html]
[codelayers.net/templates/biksy/shortcodes-toogle-switches.html]
[codelayers.net/templates/biksy/images/shortcodes/73.jpg]
[codelayers.net/templates/biksy/shortcodes-timeline.html]
[codelayers.net/templates/biksy/images/shortcodes/74.jpg]
[codelayers.net/templates/biksy/images/shortcodes/75.jpg]
[codelayers.net/templates/biksy/images/shortcodes/78.jpg]
[codelayers.net/templates/biksy/images/shortcodes/76.jpg]
[codelayers.net/templates/biksy/images/shortcodes/77.jpg]
[codelayers.net/templates/biksy/js/star-rating/js/star-rating.js]
[codelayers.net/templates/biksy/shortcodes-star-ratings.html]
[codelayers.net/templates/biksy/images/shortcodes/79.jpg]
[codelayers.net/templates/biksy/images/33.png]
[codelayers.net/templates/biksy/shortcodes-sections.html]
[codelayers.net/templates/biksy/shortcodes-social-icons.html]
[codelayers.net/templates/biksy/images/14.png]
[codelayers.net/templates/biksy/images/30.png]
[codelayers.net/templates/biksy/images/2.jpg]
[codelayers.net/templates/biksy/images/4.png]
[codelayers.net/templates/biksy/shortcodes-tabs.html]
[codelayers.net/templates/biksy/images/shortcodes/84.png]
[codelayers.net/templates/biksy/images/shortcodes/85.png]
[codelayers.net/templates/biksy/images/shortcodes/86.png]
[codelayers.net/templates/biksy/images/shortcodes/80.jpg]
[codelayers.net/templates/biksy/images/shortcodes/81.jpg]
[codelayers.net/templates/biksy/images/shortcodes/82.jpg]
[codelayers.net/templates/biksy/images/shortcodes/83.jpg]
[codelayers.net/templates/biksy/images/shortcodes/95.png]
[codelayers.net/templates/biksy/images/shortcodes/96.png]
[codelayers.net/templates/biksy/images/shortcodes/87.png]
[codelayers.net/templates/biksy/images/shortcodes/88.png]
[codelayers.net/templates/biksy/shortcodes-team.html]
[codelayers.net/templates/biksy/images/testimonials/4.jpg]
[codelayers.net/templates/biksy/images/testimonials/8.jpg]
[codelayers.net/templates/biksy/images/testimonials/9.jpg]
[codelayers.net/templates/biksy/images/testimonials/6.jpg]
[codelayers.net/templates/biksy/images/testimonials/11.jpg]
[codelayers.net/templates/biksy/images/testimonials/12.jpg]
[codelayers.net/templates/biksy/images/hs-13.jpg]
[codelayers.net/templates/biksy/images/hs-14.jpg]
[codelayers.net/templates/biksy/shortcodes-testimonials.html]
[codelayers.net/templates/biksy/css/hint.css]
[codelayers.net/templates/biksy/shortcodes-tooltips.html]
[codelayers.net/templates/biksy/shortcodes-toogles.html]
[codelayers.net/templates/biksy/shortcodes-typography.html]
[codelayers.net/templates/biksy/images/blog/19.jpg]
[codelayers.net/templates/biksy/images/blog/20.jpg]
[codelayers.net/templates/biksy/js/style-customizer/js/spectrum.js]
[codelayers.net/templates/biksy/js/less/less.min.js]
[codelayers.net/templates/biksy/js/sticky/js/jquery.sticky.js]
[codelayers.net/templates/biksy/js/style-customizer/js/style-customizer.js]
[codelayers.net/templates/biksy/blog-full-width.html]
[codelayers.net/templates/biksy/blog-left-sidebar.html]
[codelayers.net/templates/biksy/blog-3-columns.html]
[codelayers.net/templates/biksy/images/blog/21.jpg]
[codelayers.net/templates/biksy/blog-default-author.html]
[codelayers.net/templates/biksy/images/blog/author1.jpg]
[codelayers.net/templates/biksy/images/blog/author2.jpg]
[codelayers.net/templates/biksy/images/blog/author3.jpg]
[codelayers.net/templates/biksy/blog-default-comments.html]
[codelayers.net/templates/biksy/blog-image-post.html]
[codelayers.net/templates/biksy/blog-video-post.html]
[codelayers.net/templates/biksy/images/sliders/s1.jpg]
[codelayers.net/templates/biksy/images/sliders/s2.jpg]
[codelayers.net/templates/biksy/images/sp-30.jpg]
[codelayers.net/templates/biksy/images/sp-31.jpg]
[codelayers.net/templates/biksy/images/sp-32.jpg]
[codelayers.net/templates/biksy/images/sp-4.jpg]
[codelayers.net/templates/biksy/images/sp-5.jpg]
[codelayers.net/templates/biksy/images/sp-6.jpg]
[codelayers.net/templates/biksy/images/sp-7.jpg]
[codelayers.net/templates/biksy/images/sp-8.jpg]
[codelayers.net/templates/biksy/images/sp-9.jpg]
[codelayers.net/templates/biksy/images/sp-10.jpg]
[codelayers.net/templates/biksy/images/sp-11.jpg]
[codelayers.net/templates/biksy/images/sp-12.jpg]
[codelayers.net/templates/biksy/images/sp-13.jpg]
[codelayers.net/templates/biksy/images/sp-14.jpg]
[codelayers.net/templates/biksy/images/sp-15.jpg]
[codelayers.net/templates/biksy/images/sp-16.jpg]
[codelayers.net/templates/biksy/images/sp-17.jpg]
[codelayers.net/templates/biksy/images/sp-18.jpg]
[codelayers.net/templates/biksy/images/sp-19.jpg]
[codelayers.net/templates/biksy/images/payment_logo1.jpg]
[codelayers.net/templates/biksy/images/payment_logo2.jpg]
[codelayers.net/templates/biksy/images/payment_logo3.jpg]
[codelayers.net/templates/biksy/images/payment_logo4.jpg]
[codelayers.net/templates/biksy/images/payment_logo5.png]
[codelayers.net/templates/biksy/shop-full-width.html]
[codelayers.net/templates/biksy/images/header-inner-2.jpg]
[codelayers.net/templates/biksy/images/sp-20.jpg]
[codelayers.net/templates/biksy/images/sp-22.jpg]
[codelayers.net/templates/biksy/images/sp-21.jpg]
[codelayers.net/templates/biksy/shop-left-sidebar.html]
[codelayers.net/templates/biksy/images/sp-23.jpg]
[codelayers.net/templates/biksy/images/sp-24.jpg]
[codelayers.net/templates/biksy/images/sp-25.jpg]
[codelayers.net/templates/biksy/images/sp-26.jpg]
[codelayers.net/templates/biksy/images/sp-27.jpg]
[codelayers.net/templates/biksy/images/sp-28.jpg]
[codelayers.net/templates/biksy/shop-3-columns.html]
[codelayers.net/templates/biksy/images/top1large.jpg]
[codelayers.net/templates/biksy/images/top1small.jpg]
[codelayers.net/templates/biksy/images/top2large.jpg]
[codelayers.net/templates/biksy/images/top2small.jpg]
[codelayers.net/templates/biksy/images/top3large.jpg]
[codelayers.net/templates/biksy/images/top3small.jpg]
[codelayers.net/templates/biksy/images/top4large.jpg]
[codelayers.net/templates/biksy/images/top4small.jpg]
[codelayers.net/templates/biksy/js/lightbox/jquery.fancybox.js]
[codelayers.net/templates/biksy/js/lightbox/custom.js]
[codelayers.net/templates/biksy/js/product-preview/fancybox/jquery.fancybox.js]
[codelayers.net/templates/biksy/shop-single-full-width.html]
[codelayers.net/templates/biksy/shop-single-left-sidebar.html]
[codelayers.net/templates/biksy/js/fonts/glyphicons-halflings-regular.html]
[codelayers.net/templates/biksy/js/fonts/glyphicons-halflings-regulard41d.html]
[codelayers.net/templates/biksy/js/fonts/glyphicons-halflings-regular-2.html]
[codelayers.net/templates/biksy/js/fonts/glyphicons-halflings-regular-3.html]
[codelayers.net/templates/biksy/js/fonts/glyphicons-halflings-regular-4.html]
[codelayers.net/templates/biksy/js/fonts/glyphicons-halflings-regular-5.html]
[codelayers.net/templates/biksy/images/footer-bg/bd-1.html]
[codelayers.net/templates/biksy/images/footer-bg/by2-1.html]
[codelayers.net/templates/biksy/images/footer-bg/ch-1.html]
[codelayers.net/templates/biksy/images/site-img46.html]
[codelayers.net/templates/biksy/images/bg-pattrens/pattren5.html]
[codelayers.net/templates/biksy/fonts/font-awesome/fonts/fontawesome-webfont9efe.svg]
[codelayers.net/templates/biksy/fonts/Simple-Line-Icons-Webfont/fonts/Simple-Line-Icons.svg]
[codelayers.net/templates/biksy/fonts/et-line-font/fonts/et-line.svg]
[codelayers.net/templates/biksy/js/revolution-slider/fonts/revicons/revicons90c6.svg]
[codelayers.net/templates/biksy/js/revolution-slider/css/openhand.html]
[codelayers.net/templates/biksy/js/revolution-slider/css/closedhand.html]
[codelayers.net/templates/biksy/fonts/pe-icon-7-stroke/fonts/Pe-icon-7-strokebb1d.svg]
[codelayers.net/templates/biksy/images/poster1.html]
[codelayers.net/templates/biksy/js/jFlickrFeed/images/controls.png]
[codelayers.net/templates/biksy/js/jFlickrFeed/images/loading.gif]
[codelayers.net/templates/biksy/js/jFlickrFeed/style.css]
[codelayers.net/templates/biksy/images/81.html]
[codelayers.net/templates/biksy/index-barber.html]
[codelayers.net/templates/biksy/index-creative.html]
[codelayers.net/templates/biksy/index-realestate.html]
[codelayers.net/templates/biksy/index-toys.html]
[codelayers.net/templates/biksy/index-bakery.html]
[codelayers.net/templates/biksy/index-agro.html]
[codelayers.net/templates/biksy/index-icecream.html]
[codelayers.net/templates/biksy/onepage-corporate.html]
[codelayers.net/templates/biksy/onepage-leftsidebar.html]
[codelayers.net/templates/biksy/index-corporate4.html]
[codelayers.net/templates/biksy/index-fashion.html]
[codelayers.net/templates/biksy/index-beauty.html]
[codelayers.net/templates/biksy/index-corporate7.html]
[codelayers.net/templates/biksy/index-pro-landing.html]
[codelayers.net/templates/biksy/index-band.html]
[codelayers.net/templates/biksy/index-cosmetics.html]
[codelayers.net/templates/biksy/shop-right-sidebar.html]
[codelayers.net/templates/biksy/shop-2-columns.html]
[codelayers.net/templates/biksy/shop-4-columns.html]
[codelayers.net/templates/biksy/shop-5-columns.html]
[codelayers.net/templates/biksy/shop-6-columns.html]
[codelayers.net/templates/biksy/shop-single-right-sidebar.html]
[codelayers.net/templates/biksy/shop-single-both-sidebar.html]
[codelayers.net/templates/biksy/shop-cart.html]
[codelayers.net/templates/biksy/shop-checkout.html]
[codelayers.net/templates/biksy/shop-wishlist.html]
[codelayers.net/templates/biksy/css/hairsaloon.html]
[codelayers.net/templates/biksy/blog-right-sidebar.html]
[codelayers.net/templates/biksy/blog-1-columns.html]
[codelayers.net/templates/biksy/blog-2-columns.html]
[codelayers.net/templates/biksy/blog-4-columns.html]
[codelayers.net/templates/biksy/blog-5-columns.html]
[codelayers.net/templates/biksy/blog-6-columns.html]
[codelayers.net/templates/biksy/blog-default-full-width.html]
[codelayers.net/templates/biksy/blog-default-left-sidebar.html]
[codelayers.net/templates/biksy/blog-default-right-sidebar.html]
[codelayers.net/templates/biksy/blog-full-width-thumbnail.html]
[codelayers.net/templates/biksy/blog-left-sidebar-thumbnail.html]
[codelayers.net/templates/biksy/blog-right-sidebar-thumbnail.html]
[codelayers.net/templates/biksy/blog-author-thumbnail.html]
[codelayers.net/templates/biksy/blog-comments-thumbnail.html]
[codelayers.net/templates/biksy/blog-gallery-post.html]
[codelayers.net/templates/biksy/blog-sidebar-post.html]
[codelayers.net/templates/biksy/css/band.html]
[codelayers.net/templates/biksy/css/barber.html]
[codelayers.net/templates/biksy/images/shortcodes/47.jpg]
[codelayers.net/templates/biksy/images/shortcodes/61.jpg]
[codelayers.net/templates/biksy/images/shortcodes/63.jpg]
[codelayers.net/templates/biksy/images/shortcodes/62.jpg]
[codelayers.net/templates/biksy/images/shortcodes/64.jpg]
[codelayers.net/templates/biksy/images/shortcodes/65.jpg]
[codelayers.net/templates/biksy/images/shortcodes/60.jpg]
[codelayers.net/templates/biksy/css/shortcodes.css]
[codelayers.net/templates/biksy/js/accordion/js/img/body-bg.png]
[codelayers.net/templates/biksy/js/accordion/js/demo.css]
[codelayers.net/templates/biksy/index-faq2.html]
[maxcdn.bootstrapcdn.com/font-awesome/4.4.0/css/font-awesome.min.css]
[maxcdn.bootstrapcdn.com/bootstrap/3.3.6/css/bootstrap.min.css]
[codelayers.net/templates/biksy/images/cs-14.html]
[codelayers.net/templates/biksy/js/cubeportfolio/ajax-juicy-projects/ajax-juicy-projects/project12.html]
[codelayers.net/templates/biksy/js/cubeportfolio/ajax-juicy-projects/ajax-juicy-projects/project2.html]
[codelayers.net/templates/biksy/js/cubeportfolio/ajax-juicy-projects/ajax-juicy-projects/project3.html]
[codelayers.net/templates/biksy/js/cubeportfolio/ajax-juicy-projects/project1.html]
[codelayers.net/templates/biksy/images/portfolio/ce3-67.html]
[codelayers.net/templates/biksy/images/portfolio/9.html]
[codelayers.net/templates/biksy/images/portfolio/10.html]
[codelayers.net/templates/biksy/js/cubeportfolio/ajax-masonry-projects/ajax-masonry-projects/project12.html]
[codelayers.net/templates/biksy/js/cubeportfolio/ajax-masonry-projects/ajax-masonry-projects/project2.html]
[codelayers.net/templates/biksy/js/cubeportfolio/ajax-masonry-projects/ajax-masonry-projects/project3.html]
[codelayers.net/templates/biksy/js/cubeportfolio/ajax-masonry-projects/project1.html]
[codelayers.net/templates/biksy/ajax-masonry-projects/project1.html]
[codelayers.net/templates/biksy/ajax-masonry-projects/project2.html]
[codelayers.net/templates/biksy/ajax-masonry-projects/project3.html]
[codelayers.net/templates/biksy/ajax-masonry-projects/project4.html]
[codelayers.net/templates/biksy/ajax-masonry-projects/project5.html]
[codelayers.net/templates/biksy/ajax-masonry-projects/project6.html]
[codelayers.net/templates/biksy/ajax-masonry-projects/project7.html]
[codelayers.net/templates/biksy/ajax-masonry-projects/project8.html]
[codelayers.net/templates/biksy/ajax-masonry-projects/project9.html]
[codelayers.net/templates/biksy/ajax-masonry-projects/project10.html]
[codelayers.net/templates/biksy/ajax-masonry-projects/project11.html]
[codelayers.net/templates/biksy/ajax-masonry-projects/project12.html]
[codelayers.net/templates/biksy/images/portfolio/11.html]
[codelayers.net/templates/biksy/js/cubeportfolio/ajax-lightbox-gallery/project1.html]
[codelayers.net/templates/biksy/js/cubeportfolio/ajax-lightbox-gallery/ajax-lightbox-gallery/project10.html]
[codelayers.net/templates/biksy/js/cubeportfolio/ajax-lightbox-gallery/ajax-lightbox-gallery/project11.html]
[codelayers.net/templates/biksy/js/cubeportfolio/ajax-lightbox-gallery/ajax-lightbox-gallery/project12.html]
[codelayers.net/templates/biksy/js/cubeportfolio/ajax-lightbox-gallery/ajax-lightbox-gallery/project13.html]
[codelayers.net/templates/biksy/js/cubeportfolio/ajax-lightbox-gallery/loadMore.html]
[codelayers.net/templates/biksy/js/animations/css/animations.min.css]
[codelayers.net/templates/biksy/js/datepicker/bootstrap-datetimepicker.css]
[codelayers.net/templates/biksy/js/img/loading.gif]
[codelayers.net/templates/biksy/js/img/loading-sm.gif]
[codelayers.net/templates/biksy/js/file-upload/fileinput.css]
[codelayers.net/templates/biksy/js/magnific-popup/magnific-popup.css]
[codelayers.net/templates/biksy/js/switches/bootstrap-switch.css]
[codelayers.net/templates/biksy/js/parallax/style.html]
[codelayers.net/templates/biksy/js/pie-charts/line-chart/style.html]
[codelayers.net/templates/biksy/js/pie-charts/line-chart/jquery.pista.html]
[codelayers.net/templates/biksy/js/star-rating/img/loading.gif]
[codelayers.net/templates/biksy/js/star-rating/css/star-rating.css]
[codelayers.net/templates/biksy/js/star-rating/themes/krajee-fa/theme.css]
[codelayers.net/templates/biksy/js/star-rating/themes/krajee-svg/theme.css]
[codelayers.net/templates/biksy/js/star-rating/themes/krajee-uni/theme.css]
[codelayers.net/templates/biksy/images/33.html]
[codelayers.net/templates/biksy/images/14.html]
[codelayers.net/templates/biksy/images/30.html]
[codelayers.net/templates/biksy/images/4.html]
[codelayers.net/templates/biksy/images/testimonials/4.html]
[codelayers.net/templates/biksy/images/testimonials/8.html]
[codelayers.net/templates/biksy/images/testimonials/9.html]
[codelayers.net/templates/biksy/images/testimonials/6.html]
[codelayers.net/templates/biksy/images/testimonials/11.html]
[codelayers.net/templates/biksy/images/testimonials/12.html]
[codelayers.net/templates/biksy/images/hs-13.html]
[codelayers.net/templates/biksy/images/hs-14.html]
[codelayers.net/templates/biksy/css/hint.html]
[codelayers.net/templates/biksy/images/parallax/sp-parallax1.jpg]
[codelayers.net/templates/biksy/images/sp-29.png]
[codelayers.net/templates/biksy/css/shop.css]
[codelayers.net/templates/biksy/js/product-preview/stylesheet.css]
[codelayers.net/templates/biksy/js/product-preview/fancybox/fancybox_sprite.png]
[codelayers.net/templates/biksy/js/product-preview/fancybox/fancybox_loading.gif]
[codelayers.net/templates/biksy/js/product-preview/fancybox/blank.gif]
[codelayers.net/templates/biksy/js/product-preview/fancybox/fancybox_overlay.png]
[codelayers.net/templates/biksy/js/product-preview/fancybox/jquery.fancybox.css]
[codelayers.net/templates/biksy/js/lightbox/jquery.fancybox.html]
[codelayers.net/templates/biksy/js/lightbox/custom.html]
[codelayers.net/templates/biksy/js/jFlickrFeed/images/controls.html]
[codelayers.net/templates/biksy/js/jFlickrFeed/images/loading.html]
[codelayers.net/templates/biksy/js/accordion/js/img/body-bg.html]
[codelayers.net/templates/biksy/js/cubeportfolio/ajax-juicy-projects/ajax-juicy-projects/project12.html]
[codelayers.net/templates/biksy/js/cubeportfolio/ajax-juicy-projects/ajax-juicy-projects/project2.html]
[codelayers.net/templates/biksy/js/cubeportfolio/ajax-juicy-projects/ajax-juicy-projects/project3.html]
[codelayers.net/templates/biksy/js/cubeportfolio/ajax-masonry-projects/ajax-masonry-projects/project12.html]
[codelayers.net/templates/biksy/js/cubeportfolio/ajax-masonry-projects/ajax-masonry-projects/project2.html]
[codelayers.net/templates/biksy/js/cubeportfolio/ajax-masonry-projects/ajax-masonry-projects/project3.html]
[codelayers.net/templates/biksy/js/cubeportfolio/ajax-lightbox-gallery/ajax-lightbox-gallery/project10.html]
[codelayers.net/templates/biksy/js/cubeportfolio/ajax-lightbox-gallery/ajax-lightbox-gallery/project11.html]
[codelayers.net/templates/biksy/js/cubeportfolio/ajax-lightbox-gallery/ajax-lightbox-gallery/project12.html]
[codelayers.net/templates/biksy/js/cubeportfolio/ajax-lightbox-gallery/ajax-lightbox-gallery/project13.html]
[codelayers.net/templates/biksy/js/img/loading.html]
[codelayers.net/templates/biksy/js/img/loading-sm.html]
[codelayers.net/templates/biksy/images/parallax/sp-parallax1.html]
